Problem:    Rover
Rows:       106
Columns:    69 (49 integer, 49 binary)
Non-zeros:  375
Status:     INTEGER OPTIMAL
Objective:  z = 410 (MAXimum)

   No.   Row name        Activity     Lower bound   Upper bound
------ ------------    ------------- ------------- -------------
     1 z                         410                             
     2 Rel_x_y_in[1]
                                   0            -0             = 
     3 Rel_x_y_in[2]
                                   0            -0             = 
     4 Rel_x_y_in[3]
                                   0            -0             = 
     5 Rel_x_y_in[4]
                                   0            -0             = 
     6 Rel_x_y_in[5]
                                   0            -0             = 
     7 Rel_x_y_in[6]
                                   0            -0             = 
     8 Rel_x_y_out[1]
                                   0            -0               
     9 Rel_x_y_out[2]
                                   0            -0               
    10 Rel_x_y_out[3]
                                   0            -0               
    11 Rel_x_y_out[4]
                                   0            -0               
    12 Rel_x_y_out[5]
                                   1            -0               
    13 Rel_x_y_out[6]
                                   0            -0               
    14 Sito0_in                    0            -0             = 
    15 Sito0_out                   1             1             = 
    16 Loops[1]                    0            -0             = 
    17 Loops[2]                    0            -0             = 
    18 Loops[3]                    0            -0             = 
    19 Loops[4]                    0            -0             = 
    20 Loops[5]                    0            -0             = 
    21 Loops[6]                    0            -0             = 
    22 Loops[7]                    0            -0             = 
    23 Consumi_e[1,2]
                                 286          -851               
    24 Consumi_e[1,3]
                                 -92          -818               
    25 Consumi_e[1,4]
                                 508          -762               
    26 Consumi_e[1,5]
                                 694          -846               
    27 Consumi_e[1,6]
                                -871          -871               
    28 Consumi_e[1,7]
                                -164          -896               
    29 Consumi_e[2,1]
                                -286          -836               
    30 Consumi_e[2,3]
                                -378          -810               
    31 Consumi_e[2,4]
                                -778          -778               
    32 Consumi_e[2,5]
                                 408          -822               
    33 Consumi_e[2,6]
                                -157          -863               
    34 Consumi_e[2,7]
                                -450          -912               
    35 Consumi_e[3,1]
                                  92          -828               
    36 Consumi_e[3,2]
                                 378          -835               
    37 Consumi_e[3,4]
                                 600          -770               
    38 Consumi_e[3,5]
                                 786          -806               
    39 Consumi_e[3,6]
                                 221          -871               
    40 Consumi_e[3,7]
                                 -72          -864               
    41 Consumi_e[4,1]
                                -508          -812               
    42 Consumi_e[4,2]
                                -222          -843               
    43 Consumi_e[4,3]
                                -600          -810               
    44 Consumi_e[4,5]
                                -814          -814               
    45 Consumi_e[4,6]
                                -379          -847               
    46 Consumi_e[4,7]
                                -672          -856               
    47 Consumi_e[5,1]
                                -694          -836               
    48 Consumi_e[5,2]
                                -408          -827               
    49 Consumi_e[5,3]
                                -786          -786               
    50 Consumi_e[5,4]
                                -186          -754               
    51 Consumi_e[5,6]
                                -565          -831               
    52 Consumi_e[5,7]
                                -858          -880               
    53 Consumi_e[6,1]
                                -129          -836               
    54 Consumi_e[6,2]
                                -843          -843               
    55 Consumi_e[6,3]
                                -221          -826               
    56 Consumi_e[6,4]
                                 379          -762               
    57 Consumi_e[6,5]
                                 565          -806               
    58 Consumi_e[6,7]
                                -293          -880               
    59 Consumi_e[7,1]
                                -836          -836               
    60 Consumi_e[7,2]
                                 450          -867               
    61 Consumi_e[7,3]
                                  72          -794               
    62 Consumi_e[7,4]
                                 672          -746               
    63 Consumi_e[7,5]
                                 858          -830               
    64 Consumi_e[7,6]
                                 293          -855               
    65 Consumi_t[1,2]
                                  57          -367               
    66 Consumi_t[1,3]
                                  -5          -346               
    67 Consumi_t[1,4]
                                 295          -324               
    68 Consumi_t[1,5]
                                 337          -362               
    69 Consumi_t[1,6]
                                -377          -377               
    70 Consumi_t[1,7]
                                 -48          -387               
    71 Consumi_t[2,1]
                                 -57          -352               
    72 Consumi_t[2,3]
                                 -62          -345               
    73 Consumi_t[2,4]
                                -162          -326               
    74 Consumi_t[2,5]
                                 280          -359               
    75 Consumi_t[2,6]
                                 -34          -376               
    76 Consumi_t[2,7]
                                -105          -389               
    77 Consumi_t[3,1]
                                   5          -351               
    78 Consumi_t[3,2]
                                  62          -365               
    79 Consumi_t[3,4]
                                 300          -325               
    80 Consumi_t[3,5]
                                 342          -357               
    81 Consumi_t[3,6]
                                  28          -377               
    82 Consumi_t[3,7]
                                 -43          -383               
    83 Consumi_t[4,1]
                                -295          -349               
    84 Consumi_t[4,2]
                                -238          -366               
    85 Consumi_t[4,3]
                                -300          -345               
    86 Consumi_t[4,5]
                                -358          -358               
    87 Consumi_t[4,6]
                                -272          -374               
    88 Consumi_t[4,7]
                                -343          -382               
    89 Consumi_t[5,1]
                                -337          -352               
    90 Consumi_t[5,2]
                                -280          -364               
    91 Consumi_t[5,3]
                                -342          -342               
    92 Consumi_t[5,4]
                                 -42          -323               
    93 Consumi_t[5,6]
                                -314          -372               
    94 Consumi_t[5,7]
                                -385          -385               
    95 Consumi_t[6,1]
                                 -23          -352               
    96 Consumi_t[6,2]
                                -366          -366               
    97 Consumi_t[6,3]
                                 -28          -347               
    98 Consumi_t[6,4]
                                 272          -324               
    99 Consumi_t[6,5]
                                 314          -357               
   100 Consumi_t[6,7]
                                 -71          -385               
   101 Consumi_t[7,1]
                                -352          -352               
   102 Consumi_t[7,2]
                                 105          -369               
   103 Consumi_t[7,3]
                                  43          -343               
   104 Consumi_t[7,4]
                                 343          -322               
   105 Consumi_t[7,5]
                                 385          -360               
   106 Consumi_t[7,6]
                                  71          -375               

   No. Column name       Activity     Lower bound   Upper bound
------ ------------    ------------- ------------- -------------
     1 y[1]                        1             0             1 
     2 y[2]                        1             0             1 
     3 y[3]                        0             0             1 
     4 y[4]                        1             0             1 
     5 y[5]                        1             0             1 
     6 y[6]                        1             0             1 
     7 x[1,1]       *              0             0             1 
     8 x[2,1]       *              0             0             1 
     9 x[3,1]       *              0             0             1 
    10 x[4,1]       *              0             0             1 
    11 x[5,1]       *              0             0             1 
    12 x[6,1]       *              0             0             1 
    13 x[7,1]       *              1             0             1 
    14 x[1,2]       *              0             0             1 
    15 x[2,2]       *              0             0             1 
    16 x[3,2]       *              0             0             1 
    17 x[4,2]       *              0             0             1 
    18 x[5,2]       *              0             0             1 
    19 x[6,2]       *              1             0             1 
    20 x[7,2]       *              0             0             1 
    21 x[1,3]       *              0             0             1 
    22 x[2,3]       *              0             0             1 
    23 x[3,3]       *              0             0             1 
    24 x[4,3]       *              0             0             1 
    25 x[5,3]       *              0             0             1 
    26 x[6,3]       *              0             0             1 
    27 x[7,3]       *              0             0             1 
    28 x[1,4]       *              0             0             1 
    29 x[2,4]       *              1             0             1 
    30 x[3,4]       *              0             0             1 
    31 x[4,4]       *              0             0             1 
    32 x[5,4]       *              0             0             1 
    33 x[6,4]       *              0             0             1 
    34 x[7,4]       *              0             0             1 
    35 x[1,5]       *              0             0             1 
    36 x[2,5]       *              0             0             1 
    37 x[3,5]       *              0             0             1 
    38 x[4,5]       *              1             0             1 
    39 x[5,5]       *              0             0             1 
    40 x[6,5]       *              0             0             1 
    41 x[7,5]       *              0             0             1 
    42 x[1,6]       *              1             0             1 
    43 x[2,6]       *              0             0             1 
    44 x[3,6]       *              0             0             1 
    45 x[4,6]       *              0             0             1 
    46 x[5,6]       *              0             0             1 
    47 x[6,6]       *              0             0             1 
    48 x[7,6]       *              0             0             1 
    49 x[1,7]       *              0             0             1 
    50 x[2,7]       *              0             0             1 
    51 x[3,7]       *              0             0             1 
    52 x[4,7]       *              0             0             1 
    53 x[5,7]       *              0             0             1 
    54 x[6,7]       *              0             0             1 
    55 x[7,7]       *              0             0             1 
    56 e[2]                      450             0          1000 
    57 e[1]                      164             0          1000 
    58 e[3]                       72             0          1000 
    59 e[4]                      672             0          1000 
    60 e[5]                      858             0          1000 
    61 e[6]                      293             0          1000 
    62 e[7]                        0             0          1000 
    63 t[2]                      105             0           400 
    64 t[1]                       48             0           400 
    65 t[3]                       43             0           400 
    66 t[4]                      343             0           400 
    67 t[5]                      385             0           400 
    68 t[6]                       71             0           400 
    69 t[7]                        0             0           400 

Integer feasibility conditions:

KKT.PE: max.abs.err = 0.00e+00 on row 0
        max.rel.err = 0.00e+00 on row 0
        High quality

KKT.PB: max.abs.err = 0.00e+00 on row 0
        max.rel.err = 0.00e+00 on row 0
        High quality

End of output
