Problem:    mod
Rows:       24
Columns:    100 (100 integer, 100 binary)
Non-zeros:  240
Status:     INTEGER OPTIMAL
Objective:  0 (MINimum)

   No.   Row name        Activity     Lower bound   Upper bound
------ ------------    ------------- ------------- -------------
     1 no_ripetizioni[0]
                                   1             1             = 
     2 no_ripetizioni[1]
                                   1             1             = 
     3 no_ripetizioni[2]
                                   1             1             = 
     4 no_ripetizioni[3]
                                   1             1             = 
     5 no_ripetizioni[4]
                                   1             1             = 
     6 no_ripetizioni[5]
                                   1             1             = 
     7 no_ripetizioni[6]
                                   1             1             = 
     8 no_ripetizioni[7]
                                   1             1             = 
     9 no_ripetizioni[8]
                                   1             1             = 
    10 no_ripetizioni[9]
                                   1             1             = 
    11 one_per_pos[1]
                                   1             1             = 
    12 one_per_pos[2]
                                   1             1             = 
    13 one_per_pos[3]
                                   1             1             = 
    14 one_per_pos[4]
                                   1             1             = 
    15 one_per_pos[5]
                                   1             1             = 
    16 one_per_pos[6]
                                   1             1             = 
    17 one_per_pos[7]
                                   1             1             = 
    18 one_per_pos[8]
                                   1             1             = 
    19 one_per_pos[9]
                                   1             1             = 
    20 one_per_pos[10]
                                   1             1             = 
    21 primo_indizio
                                   8             8             = 
    22 secondo_indizio
                                   2             2             = 
    23 terzo_indizio
                                   1             1             = 
    24 quarto_indizio
                                   4             4             = 

   No. Column name       Activity     Lower bound   Upper bound
------ ------------    ------------- ------------- -------------
     1 numero_magico[1,0]
                    *              0             0             1 
     2 numero_magico[2,0]
                    *              0             0             1 
     3 numero_magico[3,0]
                    *              0             0             1 
     4 numero_magico[4,0]
                    *              0             0             1 
     5 numero_magico[5,0]
                    *              0             0             1 
     6 numero_magico[6,0]
                    *              1             0             1 
     7 numero_magico[7,0]
                    *              0             0             1 
     8 numero_magico[8,0]
                    *              0             0             1 
     9 numero_magico[9,0]
                    *              0             0             1 
    10 numero_magico[10,0]
                    *              0             0             1 
    11 numero_magico[1,1]
                    *              0             0             1 
    12 numero_magico[2,1]
                    *              0             0             1 
    13 numero_magico[3,1]
                    *              0             0             1 
    14 numero_magico[4,1]
                    *              0             0             1 
    15 numero_magico[5,1]
                    *              1             0             1 
    16 numero_magico[6,1]
                    *              0             0             1 
    17 numero_magico[7,1]
                    *              0             0             1 
    18 numero_magico[8,1]
                    *              0             0             1 
    19 numero_magico[9,1]
                    *              0             0             1 
    20 numero_magico[10,1]
                    *              0             0             1 
    21 numero_magico[1,2]
                    *              1             0             1 
    22 numero_magico[2,2]
                    *              0             0             1 
    23 numero_magico[3,2]
                    *              0             0             1 
    24 numero_magico[4,2]
                    *              0             0             1 
    25 numero_magico[5,2]
                    *              0             0             1 
    26 numero_magico[6,2]
                    *              0             0             1 
    27 numero_magico[7,2]
                    *              0             0             1 
    28 numero_magico[8,2]
                    *              0             0             1 
    29 numero_magico[9,2]
                    *              0             0             1 
    30 numero_magico[10,2]
                    *              0             0             1 
    31 numero_magico[1,3]
                    *              0             0             1 
    32 numero_magico[2,3]
                    *              0             0             1 
    33 numero_magico[3,3]
                    *              0             0             1 
    34 numero_magico[4,3]
                    *              1             0             1 
    35 numero_magico[5,3]
                    *              0             0             1 
    36 numero_magico[6,3]
                    *              0             0             1 
    37 numero_magico[7,3]
                    *              0             0             1 
    38 numero_magico[8,3]
                    *              0             0             1 
    39 numero_magico[9,3]
                    *              0             0             1 
    40 numero_magico[10,3]
                    *              0             0             1 
    41 numero_magico[1,4]
                    *              0             0             1 
    42 numero_magico[2,4]
                    *              1             0             1 
    43 numero_magico[3,4]
                    *              0             0             1 
    44 numero_magico[4,4]
                    *              0             0             1 
    45 numero_magico[5,4]
                    *              0             0             1 
    46 numero_magico[6,4]
                    *              0             0             1 
    47 numero_magico[7,4]
                    *              0             0             1 
    48 numero_magico[8,4]
                    *              0             0             1 
    49 numero_magico[9,4]
                    *              0             0             1 
    50 numero_magico[10,4]
                    *              0             0             1 
    51 numero_magico[1,5]
                    *              0             0             1 
    52 numero_magico[2,5]
                    *              0             0             1 
    53 numero_magico[3,5]
                    *              1             0             1 
    54 numero_magico[4,5]
                    *              0             0             1 
    55 numero_magico[5,5]
                    *              0             0             1 
    56 numero_magico[6,5]
                    *              0             0             1 
    57 numero_magico[7,5]
                    *              0             0             1 
    58 numero_magico[8,5]
                    *              0             0             1 
    59 numero_magico[9,5]
                    *              0             0             1 
    60 numero_magico[10,5]
                    *              0             0             1 
    61 numero_magico[1,6]
                    *              0             0             1 
    62 numero_magico[2,6]
                    *              0             0             1 
    63 numero_magico[3,6]
                    *              0             0             1 
    64 numero_magico[4,6]
                    *              0             0             1 
    65 numero_magico[5,6]
                    *              0             0             1 
    66 numero_magico[6,6]
                    *              0             0             1 
    67 numero_magico[7,6]
                    *              0             0             1 
    68 numero_magico[8,6]
                    *              1             0             1 
    69 numero_magico[9,6]
                    *              0             0             1 
    70 numero_magico[10,6]
                    *              0             0             1 
    71 numero_magico[1,7]
                    *              0             0             1 
    72 numero_magico[2,7]
                    *              0             0             1 
    73 numero_magico[3,7]
                    *              0             0             1 
    74 numero_magico[4,7]
                    *              0             0             1 
    75 numero_magico[5,7]
                    *              0             0             1 
    76 numero_magico[6,7]
                    *              0             0             1 
    77 numero_magico[7,7]
                    *              0             0             1 
    78 numero_magico[8,7]
                    *              0             0             1 
    79 numero_magico[9,7]
                    *              0             0             1 
    80 numero_magico[10,7]
                    *              1             0             1 
    81 numero_magico[1,8]
                    *              0             0             1 
    82 numero_magico[2,8]
                    *              0             0             1 
    83 numero_magico[3,8]
                    *              0             0             1 
    84 numero_magico[4,8]
                    *              0             0             1 
    85 numero_magico[5,8]
                    *              0             0             1 
    86 numero_magico[6,8]
                    *              0             0             1 
    87 numero_magico[7,8]
                    *              0             0             1 
    88 numero_magico[8,8]
                    *              0             0             1 
    89 numero_magico[9,8]
                    *              1             0             1 
    90 numero_magico[10,8]
                    *              0             0             1 
    91 numero_magico[1,9]
                    *              0             0             1 
    92 numero_magico[2,9]
                    *              0             0             1 
    93 numero_magico[3,9]
                    *              0             0             1 
    94 numero_magico[4,9]
                    *              0             0             1 
    95 numero_magico[5,9]
                    *              0             0             1 
    96 numero_magico[6,9]
                    *              0             0             1 
    97 numero_magico[7,9]
                    *              1             0             1 
    98 numero_magico[8,9]
                    *              0             0             1 
    99 numero_magico[9,9]
                    *              0             0             1 
   100 numero_magico[10,9]
                    *              0             0             1 

Integer feasibility conditions:

KKT.PE: max.abs.err = 0.00e+00 on row 0
        max.rel.err = 0.00e+00 on row 0
        High quality

KKT.PB: max.abs.err = 0.00e+00 on row 0
        max.rel.err = 0.00e+00 on row 0
        High quality

End of output
