Problem:    mod
Rows:       2
Columns:    12
Non-zeros:  24
Status:     OPTIMAL
Objective:  guadagno = 150 (MAXimum)

   No.   Row name   St   Activity     Lower bound   Upper bound    Marginal
------ ------------ -- ------------- ------------- ------------- -------------
     1 max_zaino    NU           300                         300           0.5 
     2 guadagno     B            150                             

   No. Column name  St   Activity     Lower bound   Upper bound    Marginal
------ ------------ -- ------------- ------------- ------------- -------------
     1 zaino[Obj1]  NL             0             0                        -4.5 
     2 zaino[Obj2]  NL             0             0                        -0.5 
     3 zaino[Obj3]  NL             0             0                        -3.5 
     4 zaino[Obj4]  NL             0             0                          -2 
     5 zaino[Obj5]  NL             0             0                          -6 
     6 zaino[Obj6]  B        5.17241             0               
     7 zaino[Obj7]  NL             0             0                        -0.5 
     8 zaino[Obj8]  NL             0             0                        -5.5 
     9 zaino[Obj9]  NL             0             0                        -2.5 
    10 zaino[Obj10] NL             0             0                        -2.5 
    11 zaino[Obj11] NL             0             0                          -2 
    12 zaino[Obj12] NL             0             0                          -1 

Karush-Kuhn-Tucker optimality conditions:

KKT.PE: max.abs.err = 0.00e+00 on row 0
        max.rel.err = 0.00e+00 on row 0
        High quality

KKT.PB: max.abs.err = 0.00e+00 on row 0
        max.rel.err = 0.00e+00 on row 0
        High quality

KKT.DE: max.abs.err = 0.00e+00 on column 0
        max.rel.err = 0.00e+00 on column 0
        High quality

KKT.DB: max.abs.err = 0.00e+00 on row 0
        max.rel.err = 0.00e+00 on row 0
        High quality

End of output
