Problem:    mod
Rows:       2
Columns:    12 (12 integer, 12 binary)
Non-zeros:  24
Status:     INTEGER OPTIMAL
Objective:  guadagno = 139 (MAXimum)

   No.   Row name        Activity     Lower bound   Upper bound
------ ------------    ------------- ------------- -------------
     1 max_zaino                 296                         300 
     2 guadagno                  139                             

   No. Column name       Activity     Lower bound   Upper bound
------ ------------    ------------- ------------- -------------
     1 zaino[Obj1]  *              0             0             1 
     2 zaino[Obj2]  *              1             0             1 
     3 zaino[Obj3]  *              0             0             1 
     4 zaino[Obj4]  *              1             0             1 
     5 zaino[Obj5]  *              0             0             1 
     6 zaino[Obj6]  *              1             0             1 
     7 zaino[Obj7]  *              1             0             1 
     8 zaino[Obj8]  *              0             0             1 
     9 zaino[Obj9]  *              1             0             1 
    10 zaino[Obj10] *              1             0             1 
    11 zaino[Obj11] *              0             0             1 
    12 zaino[Obj12] *              1             0             1 

Integer feasibility conditions:

KKT.PE: max.abs.err = 0.00e+00 on row 0
        max.rel.err = 0.00e+00 on row 0
        High quality

KKT.PB: max.abs.err = 0.00e+00 on row 0
        max.rel.err = 0.00e+00 on row 0
        High quality

End of output
