Problem:    mod
Rows:       43
Columns:    144
Non-zeros:  432
Status:     OPTIMAL
Objective:  obj = 1.197314815 (MINimum)

   No.   Row name   St   Activity     Lower bound   Upper bound    Marginal
------ ------------ -- ------------- ------------- ------------- -------------
     1 ridistribuizione[1,1]
                    NS            -3            -3             =   -0.00555556 
     2 ridistribuizione[1,2]
                    NS           -11           -11             =    -0.0116667 
     3 ridistribuizione[1,3]
                    NS           -23           -23             =    -0.0116667 
     4 ridistribuizione[1,4]
                    NS           -12           -12             =   -0.00555556 
     5 ridistribuizione[1,5]
                    NS           -19           -19             =   -0.00611111 
     6 ridistribuizione[1,6]
                    NS           -22           -22             =   -0.00611111 
     7 ridistribuizione[2,1]
                    B              0            -0             = 
     8 ridistribuizione[2,2]
                    NS            -1            -1             =    -0.0222222 
     9 ridistribuizione[2,3]
                    NS            -9            -9             =    -0.0222222 
    10 ridistribuizione[2,4]
                    NS            -5            -5             =    -0.0118519 
    11 ridistribuizione[2,5]
                    NS            -2            -2             =   -0.00666667 
    12 ridistribuizione[2,6]
                    NS            -3            -3             =   -0.00555556 
    13 ridistribuizione[3,1]
                    NS            -5            -5             =   -0.00555556 
    14 ridistribuizione[3,2]
                    NS            -6            -6             =   -0.00694444 
    15 ridistribuizione[3,3]
                    B              0            -0             = 
    16 ridistribuizione[3,4]
                    NS           -12           -12             =   -0.00694444 
    17 ridistribuizione[3,5]
                    NS           -19           -19             =       -0.0075 
    18 ridistribuizione[3,6]
                    NS           -28           -28             =   -0.00777778 
    19 limite_ospedale[1,1]
                    B              9                          12 
    20 limite_ospedale[1,2]
                    NU            10                          10   -0.00277778 
    21 limite_ospedale[1,3]
                    NU             8                           8   -0.00611111 
    22 limite_ospedale[1,4]
                    NU            10                          10   -0.00611111 
    23 limite_ospedale[1,5]
                    B              0                          15 
    24 limite_ospedale[1,6]
                    B             13                          20 
    25 limite_ospedale[1,7]
                    NU            20                          20  -0.000555556 
    26 limite_ospedale[1,8]
                    NU            20                          20  -0.000555556 
    27 limite_ospedale[2,1]
                    NU             5                           5    -0.0105556 
    28 limite_ospedale[2,2]
                    NU             0                          -0    -0.0133333 
    29 limite_ospedale[2,3]
                    NU             2                           2    -0.0166667 
    30 limite_ospedale[2,4]
                    NU             0                          -0    -0.0166667 
    31 limite_ospedale[2,5]
                    NU             8                           8   -0.00444444 
    32 limite_ospedale[2,6]
                    NU             0                          -0   -0.00833333 
    33 limite_ospedale[2,7]
                    NU             0                          -0   -0.00833333 
    34 limite_ospedale[2,8]
                    B              5                          10 
    35 limite_ospedale[3,1]
                    B              5                          15 
    36 limite_ospedale[3,2]
                    B              0                           8 
    37 limite_ospedale[3,3]
                    NU            11                          11   -0.00138889 
    38 limite_ospedale[3,4]
                    NU             5                           5   -0.00138889 
    39 limite_ospedale[3,5]
                    B             18                          20 
    40 limite_ospedale[3,6]
                    NU            18                          18   -0.00138889 
    41 limite_ospedale[3,7]
                    NU            13                          13   -0.00222222 
    42 limite_ospedale[3,8]
                    NU             0                          -0   -0.00222222 
    43 obj          B        1.19731                             

   No. Column name  St   Activity     Lower bound   Upper bound    Marginal
------ ------------ -- ------------- ------------- ------------- -------------
     1 partizionamento[1,1,1]
                    B              3             0               
     2 partizionamento[1,1,2]
                    NL             0             0                  0.00388889 
     3 partizionamento[1,1,3]
                    NL             0             0                  0.00888889 
     4 partizionamento[1,1,4]
                    NL             0             0                   0.0116667 
     5 partizionamento[1,1,5]
                    NL             0             0                   0.0122222 
     6 partizionamento[1,1,6]
                    NL             0             0                   0.0144444 
     7 partizionamento[1,1,7]
                    NL             0             0                   0.0172222 
     8 partizionamento[1,1,8]
                    NL             0             0                   0.0227778 
     9 partizionamento[1,2,1]
                    NL             0             0                  0.00388889 
    10 partizionamento[1,2,2]
                    B             10             0               
    11 partizionamento[1,2,3]
                    B              1             0               
    12 partizionamento[1,2,4]
                    NL             0             0                  0.00555556 
    13 partizionamento[1,2,5]
                    NL             0             0                   0.0216667 
    14 partizionamento[1,2,6]
                    NL             0             0                   0.0305556 
    15 partizionamento[1,2,7]
                    NL             0             0                   0.0333333 
    16 partizionamento[1,2,8]
                    NL             0             0                   0.0422222 
    17 partizionamento[1,3,1]
                    B              6             0               
    18 partizionamento[1,3,2]
                    NL             0             0                  0.00333333 
    19 partizionamento[1,3,3]
                    B              7             0               
    20 partizionamento[1,3,4]
                    B             10             0               
    21 partizionamento[1,3,5]
                    NL             0             0                  0.00611111 
    22 partizionamento[1,3,6]
                    NL             0             0                  0.00222222 
    23 partizionamento[1,3,7]
                    NL             0             0                  0.00277778 
    24 partizionamento[1,3,8]
                    NL             0             0                   0.0111111 
    25 partizionamento[1,4,1]
                    NL             0             0                  0.00333333 
    26 partizionamento[1,4,2]
                    NL             0             0                  0.00537037 
    27 partizionamento[1,4,3]
                    NL             0             0                  0.00611111 
    28 partizionamento[1,4,4]
                    NL             0             0                  0.00611111 
    29 partizionamento[1,4,5]
                    NL             0             0                  0.00185185 
    30 partizionamento[1,4,6]
                    B             12             0               
    31 partizionamento[1,4,7]
                    NL             0             0                  0.00425926 
    32 partizionamento[1,4,8]
                    NL             0             0                   0.0116667 
    33 partizionamento[1,5,1]
                    NL             0             0                  0.00222222 
    34 partizionamento[1,5,2]
                    NL             0             0                       0.005 
    35 partizionamento[1,5,3]
                    NL             0             0                  0.00694444 
    36 partizionamento[1,5,4]
                    NL             0             0                  0.00777778 
    37 partizionamento[1,5,5]
                    NL             0             0                  0.00138889 
    38 partizionamento[1,5,6]
                    B              1             0               
    39 partizionamento[1,5,7]
                    B             18             0               
    40 partizionamento[1,5,8]
                    NL             0             0                  0.00277778 
    41 partizionamento[1,6,1]
                    NL             0             0                  0.00277778 
    42 partizionamento[1,6,2]
                    NL             0             0                  0.00638889 
    43 partizionamento[1,6,3]
                    NL             0             0                  0.00833333 
    44 partizionamento[1,6,4]
                    NL             0             0                  0.00833333 
    45 partizionamento[1,6,5]
                    NL             0             0                  0.00166667 
    46 partizionamento[1,6,6]
                    NL             0             0                 0.000833333 
    47 partizionamento[1,6,7]
                    B              2             0               
    48 partizionamento[1,6,8]
                    B             20             0               
    49 partizionamento[2,1,1]
                    NL             0             0                   0.0161111 
    50 partizionamento[2,1,2]
                    NL             0             0                        0.02 
    51 partizionamento[2,1,3]
                    NL             0             0                       0.025 
    52 partizionamento[2,1,4]
                    NL             0             0                   0.0277778 
    53 partizionamento[2,1,5]
                    NL             0             0                   0.0222222 
    54 partizionamento[2,1,6]
                    NL             0             0                   0.0283333 
    55 partizionamento[2,1,7]
                    NL             0             0                   0.0305556 
    56 partizionamento[2,1,8]
                    NL             0             0                   0.0277778 
    57 partizionamento[2,2,1]
                    NL             0             0                  0.00388889 
    58 partizionamento[2,2,2]
                    B              0             0               
    59 partizionamento[2,2,3]
                    B              1             0               
    60 partizionamento[2,2,4]
                    NL             0             0                  0.00555556 
    61 partizionamento[2,2,5]
                    NL             0             0                   0.0155556 
    62 partizionamento[2,2,6]
                    NL             0             0                   0.0283333 
    63 partizionamento[2,2,7]
                    NL             0             0                   0.0305556 
    64 partizionamento[2,2,8]
                    NL             0             0                   0.0311111 
    65 partizionamento[2,3,1]
                    B              5             0               
    66 partizionamento[2,3,2]
                    NL             0             0                  0.00333333 
    67 partizionamento[2,3,3]
                    B              1             0               
    68 partizionamento[2,3,4]
                    B              0             0               
    69 partizionamento[2,3,5]
                    B              3             0               
    70 partizionamento[2,3,6]
                    B              0             0               
    71 partizionamento[2,3,7]
                    B              0             0               
    72 partizionamento[2,3,8]
                    B              0             0               
    73 partizionamento[2,4,1]
                    NL             0             0                  0.00759259 
    74 partizionamento[2,4,2]
                    NL             0             0                  0.00962963 
    75 partizionamento[2,4,3]
                    NL             0             0                   0.0103704 
    76 partizionamento[2,4,4]
                    NL             0             0                   0.0103704 
    77 partizionamento[2,4,5]
                    B              5             0               
    78 partizionamento[2,4,6]
                    NL             0             0                  0.00203704 
    79 partizionamento[2,4,7]
                    NL             0             0                  0.00574074 
    80 partizionamento[2,4,8]
                    NL             0             0                  0.00481481 
    81 partizionamento[2,5,1]
                    NL             0             0                   0.0105556 
    82 partizionamento[2,5,2]
                    NL             0             0                   0.0133333 
    83 partizionamento[2,5,3]
                    NL             0             0                   0.0155556 
    84 partizionamento[2,5,4]
                    NL             0             0                   0.0162222 
    85 partizionamento[2,5,5]
                    NL             0             0                  0.00377778 
    86 partizionamento[2,5,6]
                    NL             0             0                  0.00655556 
    87 partizionamento[2,5,7]
                    NL             0             0                  0.00611111 
    88 partizionamento[2,5,8]
                    B              2             0               
    89 partizionamento[2,6,1]
                    NL             0             0                   0.0138889 
    90 partizionamento[2,6,2]
                    NL             0             0                      0.0175 
    91 partizionamento[2,6,3]
                    NL             0             0                   0.0194444 
    92 partizionamento[2,6,4]
                    NL             0             0                   0.0194444 
    93 partizionamento[2,6,5]
                    NL             0             0                  0.00666667 
    94 partizionamento[2,6,6]
                    NL             0             0                  0.00972222 
    95 partizionamento[2,6,7]
                    NL             0             0                  0.00833333 
    96 partizionamento[2,6,8]
                    B              3             0               
    97 partizionamento[3,1,1]
                    B              5             0               
    98 partizionamento[3,1,2]
                    NL             0             0                  0.00111111 
    99 partizionamento[3,1,3]
                    NL             0             0                  0.00416667 
   100 partizionamento[3,1,4]
                    NL             0             0                  0.00694444 
   101 partizionamento[3,1,5]
                    NL             0             0                   0.0122222 
   102 partizionamento[3,1,6]
                    NL             0             0                   0.0158333 
   103 partizionamento[3,1,7]
                    NL             0             0                   0.0188889 
   104 partizionamento[3,1,8]
                    NL             0             0                   0.0244444 
   105 partizionamento[3,2,1]
                    NL             0             0                  0.00861111 
   106 partizionamento[3,2,2]
                    NL             0             0                  0.00194444 
   107 partizionamento[3,2,3]
                    B              6             0               
   108 partizionamento[3,2,4]
                    NL             0             0                  0.00555556 
   109 partizionamento[3,2,5]
                    NL             0             0                   0.0263889 
   110 partizionamento[3,2,6]
                    NL             0             0                   0.0366667 
   111 partizionamento[3,2,7]
                    NL             0             0                   0.0397222 
   112 partizionamento[3,2,8]
                    NL             0             0                   0.0486111 
   113 partizionamento[3,3,1]
                    NL             0             0                   0.0116667 
   114 partizionamento[3,3,2]
                    NL             0             0                   0.0122222 
   115 partizionamento[3,3,3]
                    NL             0             0                  0.00694444 
   116 partizionamento[3,3,4]
                    NL             0             0                  0.00694444 
   117 partizionamento[3,3,5]
                    NL             0             0                   0.0177778 
   118 partizionamento[3,3,6]
                    NL             0             0                   0.0152778 
   119 partizionamento[3,3,7]
                    NL             0             0                   0.0161111 
   120 partizionamento[3,3,8]
                    NL             0             0                   0.0244444 
   121 partizionamento[3,4,1]
                    NL             0             0                  0.00194444 
   122 partizionamento[3,4,2]
                    NL             0             0                   0.0012037 
   123 partizionamento[3,4,3]
                    B              5             0               
   124 partizionamento[3,4,4]
                    B              5             0               
   125 partizionamento[3,4,5]
                    NL             0             0                 0.000462963 
   126 partizionamento[3,4,6]
                    B              2             0               
   127 partizionamento[3,4,7]
                    NL             0             0                  0.00453704 
   128 partizionamento[3,4,8]
                    NL             0             0                   0.0119444 
   129 partizionamento[3,5,1]
                    NL             0             0                 0.000833333 
   130 partizionamento[3,5,2]
                    NL             0             0                 0.000833333 
   131 partizionamento[3,5,3]
                    NL             0             0                 0.000833333 
   132 partizionamento[3,5,4]
                    NL             0             0                  0.00166667 
   133 partizionamento[3,5,5]
                    B              3             0               
   134 partizionamento[3,5,6]
                    B             16             0               
   135 partizionamento[3,5,7]
                    NL             0             0                 0.000277778 
   136 partizionamento[3,5,8]
                    NL             0             0                  0.00305556 
   137 partizionamento[3,6,1]
                    NL             0             0                  0.00111111 
   138 partizionamento[3,6,2]
                    NL             0             0                  0.00194444 
   139 partizionamento[3,6,3]
                    NL             0             0                  0.00194444 
   140 partizionamento[3,6,4]
                    NL             0             0                  0.00194444 
   141 partizionamento[3,6,5]
                    B             15             0               
   142 partizionamento[3,6,6]
                    NL             0             0                 0.000555556 
   143 partizionamento[3,6,7]
                    B             13             0               
   144 partizionamento[3,6,8]
                    B              0             0               

Karush-Kuhn-Tucker optimality conditions:

KKT.PE: max.abs.err = 0.00e+00 on row 0
        max.rel.err = 0.00e+00 on row 0
        High quality

KKT.PB: max.abs.err = 0.00e+00 on row 0
        max.rel.err = 0.00e+00 on row 0
        High quality

KKT.DE: max.abs.err = 5.20e-18 on column 15
        max.rel.err = 5.09e-18 on column 15
        High quality

KKT.DB: max.abs.err = 0.00e+00 on row 0
        max.rel.err = 0.00e+00 on row 0
        High quality

End of output
