Problem:    Feriti1
Rows:       43
Columns:    144
Non-zeros:  432
Status:     OPTIMAL
Objective:  z = 1.197314815 (MINimum)

   No.   Row name   St   Activity     Lower bound   Upper bound    Marginal
------ ------------ -- ------------- ------------- ------------- -------------
     1 Distribuzione[1,1]
                    NS             3             3             =    0.00555556 
     2 Distribuzione[1,2]
                    NS            11            11             =     0.0116667 
     3 Distribuzione[1,3]
                    NS            23            23             =     0.0116667 
     4 Distribuzione[1,4]
                    NS            12            12             =    0.00555556 
     5 Distribuzione[1,5]
                    NS            19            19             =    0.00611111 
     6 Distribuzione[1,6]
                    NS            22            22             =    0.00611111 
     7 Distribuzione[2,1]
                    B              0            -0             = 
     8 Distribuzione[2,2]
                    NS             1             1             =     0.0222222 
     9 Distribuzione[2,3]
                    NS             9             9             =     0.0222222 
    10 Distribuzione[2,4]
                    NS             5             5             =     0.0118519 
    11 Distribuzione[2,5]
                    NS             2             2             =    0.00666667 
    12 Distribuzione[2,6]
                    NS             3             3             =    0.00555556 
    13 Distribuzione[3,1]
                    NS             5             5             =    0.00555556 
    14 Distribuzione[3,2]
                    NS             6             6             =    0.00694444 
    15 Distribuzione[3,3]
                    B              0            -0             = 
    16 Distribuzione[3,4]
                    NS            12            12             =    0.00694444 
    17 Distribuzione[3,5]
                    NS            19            19             =        0.0075 
    18 Distribuzione[3,6]
                    NS            28            28             =    0.00777778 
    19 CapacitaOspedale[1,1]
                    B              9                          12 
    20 CapacitaOspedale[1,2]
                    NU            10                          10   -0.00277778 
    21 CapacitaOspedale[1,3]
                    NU             8                           8   -0.00611111 
    22 CapacitaOspedale[1,4]
                    NU            10                          10   -0.00611111 
    23 CapacitaOspedale[1,5]
                    B              0                          15 
    24 CapacitaOspedale[1,6]
                    B             13                          20 
    25 CapacitaOspedale[1,7]
                    NU            20                          20  -0.000555556 
    26 CapacitaOspedale[1,8]
                    NU            20                          20  -0.000555556 
    27 CapacitaOspedale[2,1]
                    NU             5                           5    -0.0105556 
    28 CapacitaOspedale[2,2]
                    NU             0                          -0    -0.0133333 
    29 CapacitaOspedale[2,3]
                    NU             2                           2    -0.0166667 
    30 CapacitaOspedale[2,4]
                    NU             0                          -0    -0.0166667 
    31 CapacitaOspedale[2,5]
                    NU             8                           8   -0.00444444 
    32 CapacitaOspedale[2,6]
                    NU             0                          -0   -0.00833333 
    33 CapacitaOspedale[2,7]
                    NU             0                          -0   -0.00833333 
    34 CapacitaOspedale[2,8]
                    B              5                          10 
    35 CapacitaOspedale[3,1]
                    B              5                          15 
    36 CapacitaOspedale[3,2]
                    B              0                           8 
    37 CapacitaOspedale[3,3]
                    NU            11                          11   -0.00138889 
    38 CapacitaOspedale[3,4]
                    NU             5                           5   -0.00138889 
    39 CapacitaOspedale[3,5]
                    B             18                          20 
    40 CapacitaOspedale[3,6]
                    NU            18                          18   -0.00138889 
    41 CapacitaOspedale[3,7]
                    NU            13                          13   -0.00222222 
    42 CapacitaOspedale[3,8]
                    NU             0                          -0   -0.00222222 
    43 z            B        1.19731                             

   No. Column name  St   Activity     Lower bound   Upper bound    Marginal
------ ------------ -- ------------- ------------- ------------- -------------
     1 x[1,1,1]     B              3             0               
     2 x[1,1,2]     NL             0             0                  0.00388889 
     3 x[1,1,3]     NL             0             0                  0.00888889 
     4 x[1,1,4]     NL             0             0                   0.0116667 
     5 x[1,1,5]     NL             0             0                   0.0122222 
     6 x[1,1,6]     NL             0             0                   0.0144444 
     7 x[1,1,7]     NL             0             0                   0.0172222 
     8 x[1,1,8]     NL             0             0                   0.0227778 
     9 x[1,2,1]     NL             0             0                  0.00388889 
    10 x[1,2,2]     B             10             0               
    11 x[1,2,3]     B              1             0               
    12 x[1,2,4]     NL             0             0                  0.00555556 
    13 x[1,2,5]     NL             0             0                   0.0216667 
    14 x[1,2,6]     NL             0             0                   0.0305556 
    15 x[1,2,7]     NL             0             0                   0.0333333 
    16 x[1,2,8]     NL             0             0                   0.0422222 
    17 x[1,3,1]     B              6             0               
    18 x[1,3,2]     NL             0             0                  0.00333333 
    19 x[1,3,3]     B              7             0               
    20 x[1,3,4]     B             10             0               
    21 x[1,3,5]     NL             0             0                  0.00611111 
    22 x[1,3,6]     NL             0             0                  0.00222222 
    23 x[1,3,7]     NL             0             0                  0.00277778 
    24 x[1,3,8]     NL             0             0                   0.0111111 
    25 x[1,4,1]     NL             0             0                  0.00333333 
    26 x[1,4,2]     NL             0             0                  0.00537037 
    27 x[1,4,3]     NL             0             0                  0.00611111 
    28 x[1,4,4]     NL             0             0                  0.00611111 
    29 x[1,4,5]     NL             0             0                  0.00185185 
    30 x[1,4,6]     B             12             0               
    31 x[1,4,7]     NL             0             0                  0.00425926 
    32 x[1,4,8]     NL             0             0                   0.0116667 
    33 x[1,5,1]     NL             0             0                  0.00222222 
    34 x[1,5,2]     NL             0             0                       0.005 
    35 x[1,5,3]     NL             0             0                  0.00694444 
    36 x[1,5,4]     NL             0             0                  0.00777778 
    37 x[1,5,5]     NL             0             0                  0.00138889 
    38 x[1,5,6]     B              1             0               
    39 x[1,5,7]     B             18             0               
    40 x[1,5,8]     NL             0             0                  0.00277778 
    41 x[1,6,1]     NL             0             0                  0.00277778 
    42 x[1,6,2]     NL             0             0                  0.00638889 
    43 x[1,6,3]     NL             0             0                  0.00833333 
    44 x[1,6,4]     NL             0             0                  0.00833333 
    45 x[1,6,5]     NL             0             0                  0.00166667 
    46 x[1,6,6]     NL             0             0                 0.000833333 
    47 x[1,6,7]     B              2             0               
    48 x[1,6,8]     B             20             0               
    49 x[2,1,1]     NL             0             0                   0.0161111 
    50 x[2,1,2]     NL             0             0                        0.02 
    51 x[2,1,3]     NL             0             0                       0.025 
    52 x[2,1,4]     NL             0             0                   0.0277778 
    53 x[2,1,5]     NL             0             0                   0.0222222 
    54 x[2,1,6]     NL             0             0                   0.0283333 
    55 x[2,1,7]     NL             0             0                   0.0305556 
    56 x[2,1,8]     NL             0             0                   0.0277778 
    57 x[2,2,1]     NL             0             0                  0.00388889 
    58 x[2,2,2]     B              0             0               
    59 x[2,2,3]     B              1             0               
    60 x[2,2,4]     NL             0             0                  0.00555556 
    61 x[2,2,5]     NL             0             0                   0.0155556 
    62 x[2,2,6]     NL             0             0                   0.0283333 
    63 x[2,2,7]     NL             0             0                   0.0305556 
    64 x[2,2,8]     NL             0             0                   0.0311111 
    65 x[2,3,1]     B              5             0               
    66 x[2,3,2]     NL             0             0                  0.00333333 
    67 x[2,3,3]     B              1             0               
    68 x[2,3,4]     B              0             0               
    69 x[2,3,5]     B              3             0               
    70 x[2,3,6]     B              0             0               
    71 x[2,3,7]     B              0             0               
    72 x[2,3,8]     B              0             0               
    73 x[2,4,1]     NL             0             0                  0.00759259 
    74 x[2,4,2]     NL             0             0                  0.00962963 
    75 x[2,4,3]     NL             0             0                   0.0103704 
    76 x[2,4,4]     NL             0             0                   0.0103704 
    77 x[2,4,5]     B              5             0               
    78 x[2,4,6]     NL             0             0                  0.00203704 
    79 x[2,4,7]     NL             0             0                  0.00574074 
    80 x[2,4,8]     NL             0             0                  0.00481481 
    81 x[2,5,1]     NL             0             0                   0.0105556 
    82 x[2,5,2]     NL             0             0                   0.0133333 
    83 x[2,5,3]     NL             0             0                   0.0155556 
    84 x[2,5,4]     NL             0             0                   0.0162222 
    85 x[2,5,5]     NL             0             0                  0.00377778 
    86 x[2,5,6]     NL             0             0                  0.00655556 
    87 x[2,5,7]     NL             0             0                  0.00611111 
    88 x[2,5,8]     B              2             0               
    89 x[2,6,1]     NL             0             0                   0.0138889 
    90 x[2,6,2]     NL             0             0                      0.0175 
    91 x[2,6,3]     NL             0             0                   0.0194444 
    92 x[2,6,4]     NL             0             0                   0.0194444 
    93 x[2,6,5]     NL             0             0                  0.00666667 
    94 x[2,6,6]     NL             0             0                  0.00972222 
    95 x[2,6,7]     NL             0             0                  0.00833333 
    96 x[2,6,8]     B              3             0               
    97 x[3,1,1]     B              5             0               
    98 x[3,1,2]     NL             0             0                  0.00111111 
    99 x[3,1,3]     NL             0             0                  0.00416667 
   100 x[3,1,4]     NL             0             0                  0.00694444 
   101 x[3,1,5]     NL             0             0                   0.0122222 
   102 x[3,1,6]     NL             0             0                   0.0158333 
   103 x[3,1,7]     NL             0             0                   0.0188889 
   104 x[3,1,8]     NL             0             0                   0.0244444 
   105 x[3,2,1]     NL             0             0                  0.00861111 
   106 x[3,2,2]     NL             0             0                  0.00194444 
   107 x[3,2,3]     B              6             0               
   108 x[3,2,4]     NL             0             0                  0.00555556 
   109 x[3,2,5]     NL             0             0                   0.0263889 
   110 x[3,2,6]     NL             0             0                   0.0366667 
   111 x[3,2,7]     NL             0             0                   0.0397222 
   112 x[3,2,8]     NL             0             0                   0.0486111 
   113 x[3,3,1]     NL             0             0                   0.0116667 
   114 x[3,3,2]     NL             0             0                   0.0122222 
   115 x[3,3,3]     NL             0             0                  0.00694444 
   116 x[3,3,4]     NL             0             0                  0.00694444 
   117 x[3,3,5]     NL             0             0                   0.0177778 
   118 x[3,3,6]     NL             0             0                   0.0152778 
   119 x[3,3,7]     NL             0             0                   0.0161111 
   120 x[3,3,8]     NL             0             0                   0.0244444 
   121 x[3,4,1]     NL             0             0                  0.00194444 
   122 x[3,4,2]     NL             0             0                   0.0012037 
   123 x[3,4,3]     B              5             0               
   124 x[3,4,4]     B              5             0               
   125 x[3,4,5]     NL             0             0                 0.000462963 
   126 x[3,4,6]     B              2             0               
   127 x[3,4,7]     NL             0             0                  0.00453704 
   128 x[3,4,8]     NL             0             0                   0.0119444 
   129 x[3,5,1]     NL             0             0                 0.000833333 
   130 x[3,5,2]     NL             0             0                 0.000833333 
   131 x[3,5,3]     NL             0             0                 0.000833333 
   132 x[3,5,4]     NL             0             0                  0.00166667 
   133 x[3,5,5]     B              3             0               
   134 x[3,5,6]     B             16             0               
   135 x[3,5,7]     NL             0             0                 0.000277778 
   136 x[3,5,8]     NL             0             0                  0.00305556 
   137 x[3,6,1]     NL             0             0                  0.00111111 
   138 x[3,6,2]     NL             0             0                  0.00194444 
   139 x[3,6,3]     NL             0             0                  0.00194444 
   140 x[3,6,4]     NL             0             0                  0.00194444 
   141 x[3,6,5]     B             15             0               
   142 x[3,6,6]     NL             0             0                 0.000555556 
   143 x[3,6,7]     B             13             0               
   144 x[3,6,8]     B              0             0               

Karush-Kuhn-Tucker optimality conditions:

KKT.PE: max.abs.err = 0.00e+00 on row 0
        max.rel.err = 0.00e+00 on row 0
        High quality

KKT.PB: max.abs.err = 0.00e+00 on row 0
        max.rel.err = 0.00e+00 on row 0
        High quality

KKT.DE: max.abs.err = 5.20e-18 on column 15
        max.rel.err = 5.09e-18 on column 15
        High quality

KKT.DB: max.abs.err = 0.00e+00 on row 0
        max.rel.err = 0.00e+00 on row 0
        High quality

End of output
