Problem:    Vendemmia
Rows:       14
Columns:    5
Non-zeros:  62
Status:     OPTIMAL
Objective:  z = 17151.81034 (MAXimum)

   No.   Row name   St   Activity     Lower bound   Upper bound    Marginal
------ ------------ -- ------------- ------------- ------------- -------------
     1 Disponibili[1]
                    B        437.414                         550 
     2 Disponibili[2]
                    B        615.345                        1620 
     3 Disponibili[3]
                    NU           430                         430       39.8879 
     4 Produzione_min[1]
                    B        74.1379            -0               
     5 Produzione_min[2]
                    NL             0            -0                       -2.45 
     6 Produzione_min[3]
                    B        74.1379            -0               
     7 Produzione_min[4]
                    NL             0            -0                    -19.0328 
     8 Produzione_min[5]
                    NL             0            -0                    -29.3879 
     9 Produzione_max[1]
                    B              0                          -0 
    10 Produzione_max[2]
                    B       -74.1379                          -0 
    11 Produzione_max[3]
                    NU             0                          -0           8.4 
    12 Produzione_max[4]
                    B       -74.1379                          -0 
    13 Produzione_max[5]
                    B       -74.1379                          -0 
    14 z            B        17151.8                             

   No. Column name  St   Activity     Lower bound   Upper bound    Marginal
------ ------------ -- ------------- ------------- ------------- -------------
     1 x[1]         B         370.69                             
     2 x[2]         B        222.414                             
     3 x[3]         B         370.69                             
     4 x[4]         B        222.414                             
     5 x[5]         B        296.552                             

Karush-Kuhn-Tucker optimality conditions:

KKT.PE: max.abs.err = 1.14e-13 on row 3
        max.rel.err = 1.50e-16 on row 5
        High quality

KKT.PB: max.abs.err = 0.00e+00 on row 0
        max.rel.err = 0.00e+00 on row 0
        High quality

KKT.DE: max.abs.err = 7.11e-15 on column 3
        max.rel.err = 2.23e-16 on column 3
        High quality

KKT.DB: max.abs.err = 0.00e+00 on row 0
        max.rel.err = 0.00e+00 on row 0
        High quality

End of output
