Problem:    mod
Rows:       13
Columns:    27 (27 integer, 27 binary)
Non-zeros:  81
Status:     INTEGER OPTIMAL
Objective:  costo_jobs = 264 (MINimum)

   No.   Row name        Activity     Lower bound   Upper bound
------ ------------    ------------- ------------- -------------
     1 assegnamento_macchina_jobs[1]
                                   1             1             = 
     2 assegnamento_macchina_jobs[2]
                                   1             1             = 
     3 assegnamento_macchina_jobs[3]
                                   1             1             = 
     4 assegnamento_macchina_jobs[4]
                                   1             1             = 
     5 assegnamento_macchina_jobs[5]
                                   1             1             = 
     6 assegnamento_macchina_jobs[6]
                                   1             1             = 
     7 assegnamento_macchina_jobs[7]
                                   1             1             = 
     8 assegnamento_macchina_jobs[8]
                                   1             1             = 
     9 assegnamento_macchina_jobs[9]
                                   1             1             = 
    10 limite_uso_macchina[1]
                                 324                         380 
    11 limite_uso_macchina[2]
                                 359                         360 
    12 limite_uso_macchina[3]
                                 348                         350 
    13 costo_jobs                264                             

   No. Column name       Activity     Lower bound   Upper bound
------ ------------    ------------- ------------- -------------
     1 uso_macchina[1,1]
                    *              0             0             1 
     2 uso_macchina[1,2]
                    *              1             0             1 
     3 uso_macchina[1,3]
                    *              0             0             1 
     4 uso_macchina[2,1]
                    *              1             0             1 
     5 uso_macchina[2,2]
                    *              0             0             1 
     6 uso_macchina[2,3]
                    *              0             0             1 
     7 uso_macchina[3,1]
                    *              0             0             1 
     8 uso_macchina[3,2]
                    *              0             0             1 
     9 uso_macchina[3,3]
                    *              1             0             1 
    10 uso_macchina[4,1]
                    *              0             0             1 
    11 uso_macchina[4,2]
                    *              0             0             1 
    12 uso_macchina[4,3]
                    *              1             0             1 
    13 uso_macchina[5,1]
                    *              0             0             1 
    14 uso_macchina[5,2]
                    *              0             0             1 
    15 uso_macchina[5,3]
                    *              1             0             1 
    16 uso_macchina[6,1]
                    *              0             0             1 
    17 uso_macchina[6,2]
                    *              1             0             1 
    18 uso_macchina[6,3]
                    *              0             0             1 
    19 uso_macchina[7,1]
                    *              0             0             1 
    20 uso_macchina[7,2]
                    *              1             0             1 
    21 uso_macchina[7,3]
                    *              0             0             1 
    22 uso_macchina[8,1]
                    *              1             0             1 
    23 uso_macchina[8,2]
                    *              0             0             1 
    24 uso_macchina[8,3]
                    *              0             0             1 
    25 uso_macchina[9,1]
                    *              1             0             1 
    26 uso_macchina[9,2]
                    *              0             0             1 
    27 uso_macchina[9,3]
                    *              0             0             1 

Integer feasibility conditions:

KKT.PE: max.abs.err = 0.00e+00 on row 0
        max.rel.err = 0.00e+00 on row 0
        High quality

KKT.PB: max.abs.err = 0.00e+00 on row 0
        max.rel.err = 0.00e+00 on row 0
        High quality

End of output
